%!Adobe-FontList 1.14
%Locale:0x419

%BeginFont
Handler:DirectoryHandler
FontType:Type1
FontName:MetaBookCapsLFC
FamilyName:MetaBookCapsLFC
StyleName:Regular
FullName:MetaBookCapsLFC
MenuName:MetaBookCapsLFC
StyleBits:0
FamilyNameNative:
StyleNameNative:Regular
FullNameNative:
WritingScript:Cyrillic
OutlineFileName:C:\Users\Nik\YandexDisk\Иван Ветров\Место Квеста\Nik-var-1\Папка FIVT-thankyou-letter-Final\Document fonts\MetaBookCapsLFC.otf
DataFormat:sfntData
UsesStandardEncoding:no
isCFF:yes
FileLength:26248
FileModTime:1476123788
WeightClass:400
WidthClass:5
AngleClass:0
%EndFont

%BeginFont
Handler:DirectoryHandler
FontType:Type1
FontName:MetaBookLFC
FamilyName:MetaBookLFC
StyleName:Regular
FullName:MetaBookLFC
MenuName:MetaBookLFC
StyleBits:0
FamilyNameNative:
StyleNameNative:Regular
FullNameNative:
WritingScript:Cyrillic
OutlineFileName:C:\Users\Nik\YandexDisk\Иван Ветров\Место Квеста\Nik-var-1\Папка FIVT-thankyou-letter-Final\Document fonts\MetaBookLFC.otf
DataFormat:sfntData
UsesStandardEncoding:no
isCFF:yes
FileLength:27460
FileModTime:1476123790
WeightClass:400
WidthClass:5
AngleClass:0
%EndFont

%BeginFont
Handler:DirectoryHandler
FontType:Type1
FontName:MetaMediumLFC
FamilyName:MetaMediumLFC
StyleName:Regular
FullName:MetaMediumLFC
MenuName:MetaMediumLFC
StyleBits:0
FamilyNameNative:
StyleNameNative:Regular
FullNameNative:
WritingScript:Cyrillic
OutlineFileName:C:\Users\Nik\YandexDisk\Иван Ветров\Место Квеста\Nik-var-1\Папка FIVT-thankyou-letter-Final\Document fonts\MetaMediumLFC.otf
DataFormat:sfntData
UsesStandardEncoding:no
isCFF:yes
FileLength:29412
FileModTime:1476123791
WeightClass:500
WidthClass:5
AngleClass:0
%EndFont

