%!Adobe-FontList 1.19
%Locale:0x419

%BeginFont
Handler:DirectoryHandler
FontType:Type1
FontName:MetaBookCapsLFC
FamilyName:MetaBookCapsLFC
StyleName:Regular
MenuName:MetaBookCapsLFC
StyleBits:0
WeightClass:400
WidthClass:5
AngleClass:0
FullName:MetaBookCapsLFC
FamilyNameNative:
StyleNameNative:Regular
FullNameNative:
WritingScript:Cyrillic
OutlineFileName:\MetaBookCapsLFC.otf
DataFormat:sfntData
UsesStandardEncoding:no
isCFF:yes
hasSVG:no
VariableFontType:NonVariableFont
FileLength:26248
FileModTime:1525705216
NameArray:0,Mac,4,MetaBookCapsLFC
NameArray:0,Win,1,MetaBookCapsLFC
%EndFont

%BeginFont
Handler:DirectoryHandler
FontType:Type1
FontName:MetaBookLFC
FamilyName:MetaBookLFC
StyleName:Regular
MenuName:MetaBookLFC
StyleBits:0
WeightClass:400
WidthClass:5
AngleClass:0
FullName:MetaBookLFC
FamilyNameNative:
StyleNameNative:Regular
FullNameNative:
WritingScript:Cyrillic
OutlineFileName:\MetaBookLFC.otf
DataFormat:sfntData
UsesStandardEncoding:no
isCFF:yes
hasSVG:no
VariableFontType:NonVariableFont
FileLength:27460
FileModTime:1525705216
NameArray:0,Mac,4,MetaBookLFC
NameArray:0,Win,1,MetaBookLFC
%EndFont

%BeginFont
Handler:DirectoryHandler
FontType:Type1
FontName:MetaMediumLFC
FamilyName:MetaMediumLFC
StyleName:Regular
MenuName:MetaMediumLFC
StyleBits:0
WeightClass:500
WidthClass:5
AngleClass:0
FullName:MetaMediumLFC
FamilyNameNative:
StyleNameNative:Regular
FullNameNative:
WritingScript:Cyrillic
OutlineFileName:\MetaMediumLFC.otf
DataFormat:sfntData
UsesStandardEncoding:no
isCFF:yes
hasSVG:no
VariableFontType:NonVariableFont
FileLength:29412
FileModTime:1525705216
NameArray:0,Mac,4,MetaMediumLFC
NameArray:0,Win,1,MetaMediumLFC
%EndFont

